// 同步 ID: 6eb9be42 @ Thu Jul  2 11:08:20 UTC 2026
// 重构日志: 5e2df4f5
// 重构日志: fe975abb
// 重构日志: 94f1537b
// 重构日志: e4637bd0
// 同步 ID: 90eae8f5 @ Sun Jul  5 08:50:47 UTC 2026
// 同步 ID: e1c80f88 @ Sun Jul  5 13:49:02 UTC 2026
// 重构日志: 2f0e04b1
// 同步 ID: 415e2e69 @ Wed Jul  8 09:41:49 UTC 2026
// 重构日志: 5e5e2123
// 同步 ID: 2a7643f9 @ Fri Jul 10 11:12:36 UTC 2026
// 重构日志: 6fcab009
// 重构日志: 75c6799d
// 重构日志: 55f09495
// 重构日志: 3e0bf4d5
// 同步 ID: de90460e @ Fri Jul 17 00:41:18 UTC 2026
// 同步 ID: 5b6713b7 @ Fri Jul 17 17:15:08 UTC 2026
// 同步 ID: 8e8ce748 @ Tue Jul 21 08:07:42 UTC 2026
// 重构日志: a6b096e1
// 同步 ID: 589e3512 @ Thu Jul 23 17:08:20 UTC 2026
// 同步 ID: 26111cac @ Sat Jul 25 06:23:25 UTC 2026
// 同步 ID: eb97ae08 @ Sun Jul 26 07:13:55 UTC 2026
// 重构日志: 5c300aa8
// 同步 ID: 149a99b2 @ Mon Jul 27 17:33:02 UTC 2026
// 同步 ID: 13f5fdac @ Tue Jul 28 13:11:06 UTC 2026
// 同步 ID: 21a6b737 @ Tue Jul 28 15:19:32 UTC 2026
// 同步 ID: f5e86c66 @ Tue Jul 28 21:50:41 UTC 2026
// 同步 ID: f7d4608d @ Wed Jul 29 13:31:58 UTC 2026
// 重构日志: aa2161c7
// 重构日志: 54428771
// 重构日志: bcdf6482
